// Jest Snapshot v1, https://goo.gl/fbAQLP

exports[`Test Env inlineMock 1`] = `
<div>
  Start
  <div
    class="bamboo"
  >
    Hello World
  </div>
  End
</div>
`;
