// Jest Snapshot v1, https://goo.gl/fbAQLP

exports[`Options should render correctly 1`] = `
<li
  class="rc-pagination-options"
>
  <div
    aria-label="页码"
    class="rc-select rc-pagination-options-size-changer rc-select-single"
  >
    <div
      class="rc-select-selector"
    >
      <span
        class="rc-select-selection-search"
      >
        <input
          aria-autocomplete="list"
          aria-controls="rc_select_TEST_OR_SSR_list"
          aria-expanded="false"
          aria-haspopup="listbox"
          aria-label="页码"
          aria-owns="rc_select_TEST_OR_SSR_list"
          autocomplete="off"
          class="rc-select-selection-search-input"
          id="rc_select_TEST_OR_SSR"
          readonly=""
          role="combobox"
          style="opacity: 0;"
          type="search"
          unselectable="on"
          value=""
        />
      </span>
      <span
        class="rc-select-selection-item"
        title="10 条/页"
      >
        10 条/页
      </span>
    </div>
  </div>
  <div
    class="rc-pagination-options-quick-jumper"
  >
    跳至
    <input
      aria-label="页"
      type="text"
      value=""
    />
    页
  </div>
</li>
`;
