// Vitest Snapshot v1, https://vitest.dev/guide/snapshot.html

exports[`BaseInput > addon should render properly 1`] = `
<div>
  <div>
    <span
      class="rc-input-group-wrapper"
    >
      <span
        class="rc-input-wrapper rc-input-group"
      >
        <span
          class="rc-input-group-addon"
        >
          addonBefore
        </span>
        <input />
      </span>
    </span>
    <br />
    <br />
    <span
      class="rc-input-group-wrapper"
    >
      <span
        class="rc-input-wrapper rc-input-group"
      >
        <input />
        <span
          class="rc-input-group-addon"
        >
          addonAfter
        </span>
      </span>
    </span>
  </div>
</div>
`;

exports[`BaseInput > prefix and suffix should render properly 1`] = `
<div>
  <div>
    <span
      class="rc-input-affix-wrapper"
    >
      <span
        class="rc-input-prefix"
      >
        prefix
      </span>
      <input />
    </span>
    <br />
    <br />
    <span
      class="rc-input-affix-wrapper"
    >
      <input />
      <span
        class="rc-input-suffix"
      >
        
        suffix
      </span>
    </span>
  </div>
</div>
`;

exports[`BaseInput > should correct render with prefix and addon 1`] = `
<div>
  <span
    class="rc-input-group-wrapper"
  >
    <span
      class="rc-input-wrapper rc-input-group"
    >
      <span
        class="rc-input-group-addon"
      >
        addon
      </span>
      <span
        class="rc-input-affix-wrapper"
      >
        <span
          class="rc-input-prefix"
        >
          prefix
        </span>
        <input />
      </span>
    </span>
  </span>
</div>
`;

exports[`BaseInput > should render perfectly 1`] = `
<div>
  <input />
</div>
`;

exports[`BaseInput > support use div as basic element 1`] = `
<div>
  <div
    class="rc-input-group-wrapper"
  >
    <div
      class="rc-input-wrapper rc-input-group"
    >
      <div
        class="rc-input-group-addon"
      >
        addon
      </div>
      <div
        class="rc-input-affix-wrapper"
      >
        <span
          class="rc-input-prefix"
        >
          prefix
        </span>
        <input />
      </div>
    </div>
  </div>
</div>
`;
